// Jest Snapshot v1, https://goo.gl/fbAQLP

exports[`snapshot testing 1`] = `"Hello, Devran"`;

exports[`snapshot testing 2`] = `
{
  "email": "user1@example.com",
  "id": 1,
  "name": "User 1",
}
`;
